RAW OI: 14:24:33 / 30.09.26 -5 -> 13:45:33 / 01.10.26 -5 | samples=11615
MARKET 1M: 00:00:00 / 20.09.26 -5 -> 23:10:00 / 30.09.26 -5 | bars=14316
COMMON RANGE: 14:24:00 / 30.09.26 -5 -> 23:10:00 / 30.09.26 -5 | anchor=14:24:00 / 30.09.26 -5
14:46:05 / 30.09.26 -5 | peak=(13.3, 0.0) | status=OBSERVATION
14:47:02 / 30.09.26 -5 | peak=(13.3, 0.0) | status=SELL CONTROL
14:48:01 / 30.09.26 -5 | peak=(113.20000000000005, 0.0) | status=SELL CONTROL
14:49:00 / 30.09.26 -5 | СИЛЬНОЕ OI-СОБЫТИЕ | подтверждено 14:48
14:49:00 / 30.09.26 -5 | peak=(113.20000000000005, 0.0) | status=SELL RESULT EFFICIENCY FALLING
14:51:02 / 30.09.26 -5 | peak=(138.20000000000005, 0.0) | status=SELL RESULT EFFICIENCY FALLING
14:52:01 / 30.09.26 -5 | peak=(239.60000000000014, 0.0) | status=SELL RESULT EFFICIENCY FALLING
14:53:07 / 30.09.26 -5 | peak=(239.60000000000014, 0.0) | status=SELL PRESSURE HELD
14:54:03 / 30.09.26 -5 | peak=(239.60000000000014, 0.0) | status=SELL RESULT EFFICIENCY FALLING
14:57:02 / 30.09.26 -5 | peak=(239.60000000000014, 0.0) | status=SELL PRESSURE HELD
14:59:07 / 30.09.26 -5 | peak=(239.60000000000014, 0.0) | status=POSSIBLE EARLY BUY CONTROL SHIFT
15:00:03 / 30.09.26 -5 | peak=(239.60000000000014, 0.0) | status=EARLY BUY CONTROL
15:01:03 / 30.09.26 -5 | СМЕНА НАКОПИТЕЛЬНОГО ДОМИНАНТА: SELL -> BUY
15:01:03 / 30.09.26 -5 | peak=(239.60000000000014, 68.29999999999995) | status=EARLY BUY CONTROL
15:02:01 / 30.09.26 -5 | peak=(239.60000000000014, 68.29999999999995) | status=POSSIBLE EARLY SELL CONTROL SHIFT
15:03:00 / 30.09.26 -5 | peak=(239.60000000000014, 68.29999999999995) | status=EARLY SELL CONTROL
15:04:04 / 30.09.26 -5 | peak=(239.60000000000014, 68.29999999999995) | status=BUY PRESSURE HELD
15:05:03 / 30.09.26 -5 | peak=(239.60000000000014, 70.40000000000009) | status=BUY PRESSURE HELD
15:06:01 / 30.09.26 -5 | peak=(239.60000000000014, 97.59999999999991) | status=BUY PRESSURE HELD
15:07:05 / 30.09.26 -5 | peak=(239.60000000000014, 116.69999999999982) | status=BUY PRESSURE HELD
15:08:05 / 30.09.26 -5 | peak=(239.60000000000014, 147.39999999999964) | status=BUY PRESSURE HELD
15:09:02 / 30.09.26 -5 | peak=(239.60000000000014, 158.79999999999927) | status=BUY PRESSURE HELD
15:10:01 / 30.09.26 -5 | peak=(239.60000000000014, 158.79999999999927) | status=POSSIBLE EARLY SELL CONTROL SHIFT
15:11:00 / 30.09.26 -5 | peak=(239.60000000000014, 165.99999999999955) | status=POSSIBLE EARLY SELL CONTROL SHIFT
15:12:07 / 30.09.26 -5 | peak=(239.60000000000014, 180.29999999999973) | status=POSSIBLE EARLY SELL CONTROL SHIFT
15:13:04 / 30.09.26 -5 | peak=(239.60000000000014, 186.79999999999973) | status=POSSIBLE EARLY SELL CONTROL SHIFT
15:14:05 / 30.09.26 -5 | peak=(239.60000000000014, 186.79999999999973) | status=EARLY SELL CONTROL
15:15:02 / 30.09.26 -5 | peak=(239.60000000000014, 187.69999999999936) | status=EARLY SELL CONTROL
15:16:01 / 30.09.26 -5 | peak=(239.60000000000014, 187.69999999999936) | status=POSSIBLE EARLY SELL CONTROL SHIFT
15:17:07 / 30.09.26 -5 | peak=(239.60000000000014, 187.69999999999936) | status=EARLY SELL CONTROL
15:18:04 / 30.09.26 -5 | peak=(239.60000000000014, 187.69999999999936) | status=POSSIBLE EARLY SELL CONTROL SHIFT
15:19:03 / 30.09.26 -5 | peak=(239.60000000000014, 187.69999999999936) | status=BUY PRESSURE HELD
15:21:01 / 30.09.26 -5 | peak=(239.60000000000014, 187.69999999999936) | status=POSSIBLE EARLY SELL CONTROL SHIFT
15:22:07 / 30.09.26 -5 | peak=(239.60000000000014, 202.599999999999) | status=POSSIBLE EARLY SELL CONTROL SHIFT
15:23:04 / 30.09.26 -5 | peak=(239.60000000000014, 213.79999999999882) | status=POSSIBLE EARLY SELL CONTROL SHIFT
15:24:04 / 30.09.26 -5 | peak=(239.60000000000014, 274.599999999999) | status=POSSIBLE EARLY SELL CONTROL SHIFT
15:25:03 / 30.09.26 -5 | peak=(239.60000000000014, 274.599999999999) | status=EARLY SELL CONTROL
15:26:01 / 30.09.26 -5 | peak=(239.60000000000014, 274.599999999999) | status=BUY PRESSURE HELD
15:27:00 / 30.09.26 -5 | peak=(239.60000000000014, 287.8999999999987) | status=BUY PRESSURE HELD
15:28:00 / 30.09.26 -5 | peak=(239.60000000000014, 357.2999999999988) | status=BUY PRESSURE HELD
15:29:04 / 30.09.26 -5 | peak=(239.60000000000014, 357.2999999999988) | status=POSSIBLE EARLY SELL CONTROL SHIFT
15:30:05 / 30.09.26 -5 | peak=(239.60000000000014, 357.2999999999988) | status=EARLY SELL CONTROL
15:31:02 / 30.09.26 -5 | peak=(239.60000000000014, 357.2999999999988) | status=POSSIBLE EARLY SELL CONTROL SHIFT
15:32:01 / 30.09.26 -5 | peak=(239.60000000000014, 357.2999999999988) | status=EARLY SELL CONTROL
15:33:00 / 30.09.26 -5 | peak=(239.60000000000014, 357.2999999999988) | status=POSSIBLE EARLY SELL CONTROL SHIFT
15:34:05 / 30.09.26 -5 | peak=(239.60000000000014, 357.2999999999988) | status=BUY PRESSURE HELD
15:35:04 / 30.09.26 -5 | peak=(239.60000000000014, 357.2999999999988) | status=POSSIBLE EARLY SELL CONTROL SHIFT
15:36:05 / 30.09.26 -5 | peak=(239.60000000000014, 357.2999999999988) | status=BUY PRESSURE HELD
15:37:02 / 30.09.26 -5 | peak=(239.60000000000014, 357.2999999999988) | status=POSSIBLE EARLY SELL CONTROL SHIFT
15:38:01 / 30.09.26 -5 | peak=(239.60000000000014, 357.2999999999988) | status=BUY PRESSURE HELD
15:42:02 / 30.09.26 -5 | peak=(239.60000000000014, 357.2999999999988) | status=POSSIBLE EARLY SELL CONTROL SHIFT
15:43:01 / 30.09.26 -5 | peak=(239.60000000000014, 357.2999999999988) | status=EARLY SELL CONTROL
15:44:00 / 30.09.26 -5 | peak=(239.60000000000014, 357.2999999999988) | status=POSSIBLE EARLY SELL CONTROL SHIFT
15:45:04 / 30.09.26 -5 | peak=(239.60000000000014, 357.2999999999988) | status=BUY PRESSURE HELD
15:47:01 / 30.09.26 -5 | peak=(239.60000000000014, 357.2999999999988) | status=POSSIBLE EARLY SELL CONTROL SHIFT
15:48:05 / 30.09.26 -5 | peak=(239.60000000000014, 357.2999999999988) | status=BUY PRESSURE HELD
15:49:04 / 30.09.26 -5 | peak=(239.60000000000014, 357.2999999999988) | status=POSSIBLE EARLY SELL CONTROL SHIFT
15:50:02 / 30.09.26 -5 | peak=(239.60000000000014, 357.2999999999988) | status=EARLY SELL CONTROL
15:51:01 / 30.09.26 -5 | peak=(239.60000000000014, 357.2999999999988) | status=BUY PRESSURE HELD
15:54:02 / 30.09.26 -5 | peak=(239.60000000000014, 357.2999999999988) | status=POSSIBLE EARLY SELL CONTROL SHIFT
15:55:01 / 30.09.26 -5 | peak=(239.60000000000014, 357.2999999999988) | status=EARLY SELL CONTROL
15:56:00 / 30.09.26 -5 | peak=(239.60000000000014, 357.2999999999988) | status=POSSIBLE EARLY SELL CONTROL SHIFT
15:57:06 / 30.09.26 -5 | peak=(239.60000000000014, 357.2999999999988) | status=EARLY SELL CONTROL
15:58:03 / 30.09.26 -5 | peak=(239.60000000000014, 357.2999999999988) | status=BUY PRESSURE HELD
16:02:06 / 30.09.26 -5 | peak=(239.60000000000014, 357.2999999999988) | status=POSSIBLE EARLY SELL CONTROL SHIFT
16:03:05 / 30.09.26 -5 | peak=(239.60000000000014, 357.2999999999988) | status=BUY PRESSURE HELD
16:06:07 / 30.09.26 -5 | peak=(239.60000000000014, 357.2999999999988) | status=POSSIBLE EARLY SELL CONTROL SHIFT
16:07:04 / 30.09.26 -5 | peak=(239.60000000000014, 357.2999999999988) | status=BUY PRESSURE HELD
16:08:04 / 30.09.26 -5 | peak=(239.60000000000014, 357.2999999999988) | status=POSSIBLE EARLY SELL CONTROL SHIFT
16:09:01 / 30.09.26 -5 | peak=(239.60000000000014, 357.2999999999988) | status=BUY PRESSURE HELD
16:14:01 / 30.09.26 -5 | peak=(239.60000000000014, 357.2999999999988) | status=POSSIBLE EARLY SELL CONTROL SHIFT
16:15:00 / 30.09.26 -5 | peak=(239.60000000000014, 357.2999999999988) | status=BUY PRESSURE HELD
16:16:05 / 30.09.26 -5 | peak=(239.60000000000014, 357.2999999999988) | status=POSSIBLE EARLY SELL CONTROL SHIFT
16:17:02 / 30.09.26 -5 | peak=(239.60000000000014, 357.2999999999988) | status=BUY PRESSURE HELD
16:20:02 / 30.09.26 -5 | peak=(239.60000000000014, 357.2999999999988) | status=POSSIBLE EARLY SELL CONTROL SHIFT
16:21:09 / 30.09.26 -5 | peak=(239.60000000000014, 357.2999999999988) | status=BUY PRESSURE HELD
16:22:02 / 30.09.26 -5 | peak=(239.60000000000014, 358.69999999999845) | status=BUY PRESSURE HELD
16:23:00 / 30.09.26 -5 | peak=(239.60000000000014, 358.69999999999845) | status=POSSIBLE EARLY SELL CONTROL SHIFT
16:24:00 / 30.09.26 -5 | peak=(239.60000000000014, 361.49999999999864) | status=POSSIBLE EARLY SELL CONTROL SHIFT
16:25:06 / 30.09.26 -5 | peak=(239.60000000000014, 361.49999999999864) | status=EARLY SELL CONTROL
16:26:04 / 30.09.26 -5 | peak=(239.60000000000014, 361.49999999999864) | status=BUY PRESSURE HELD
16:27:00 / 30.09.26 -5 | peak=(239.60000000000014, 362.2999999999988) | status=BUY PRESSURE HELD
16:29:05 / 30.09.26 -5 | peak=(239.60000000000014, 365.19999999999845) | status=BUY PRESSURE HELD
16:30:09 / 30.09.26 -5 | peak=(239.60000000000014, 365.19999999999845) | status=POSSIBLE EARLY SELL CONTROL SHIFT
16:31:02 / 30.09.26 -5 | peak=(239.60000000000014, 367.99999999999864) | status=POSSIBLE EARLY SELL CONTROL SHIFT
16:32:00 / 30.09.26 -5 | peak=(239.60000000000014, 380.099999999999) | status=POSSIBLE EARLY SELL CONTROL SHIFT
16:33:07 / 30.09.26 -5 | peak=(239.60000000000014, 380.099999999999) | status=EARLY SELL CONTROL
16:34:00 / 30.09.26 -5 | peak=(239.60000000000014, 380.8999999999992) | status=EARLY SELL CONTROL
16:35:04 / 30.09.26 -5 | peak=(239.60000000000014, 391.099999999999) | status=EARLY SELL CONTROL
16:36:08 / 30.09.26 -5 | peak=(239.60000000000014, 393.8999999999992) | status=EARLY SELL CONTROL
16:37:00 / 30.09.26 -5 | peak=(239.60000000000014, 414.49999999999955) | status=EARLY SELL CONTROL
16:38:05 / 30.09.26 -5 | peak=(239.60000000000014, 418.59999999999945) | status=EARLY SELL CONTROL
16:39:07 / 30.09.26 -5 | peak=(239.60000000000014, 423.99999999999955) | status=EARLY SELL CONTROL
16:40:00 / 30.09.26 -5 | peak=(239.60000000000014, 423.99999999999955) | status=POSSIBLE EARLY SELL CONTROL SHIFT
16:41:02 / 30.09.26 -5 | peak=(239.60000000000014, 427.89999999999964) | status=POSSIBLE EARLY SELL CONTROL SHIFT
16:42:03 / 30.09.26 -5 | peak=(239.60000000000014, 427.89999999999964) | status=EARLY SELL CONTROL
16:43:00 / 30.09.26 -5 | peak=(239.60000000000014, 435.6999999999989) | status=EARLY SELL CONTROL
16:44:02 / 30.09.26 -5 | peak=(239.60000000000014, 435.6999999999989) | status=POSSIBLE EARLY SELL CONTROL SHIFT
16:45:10 / 30.09.26 -5 | peak=(239.60000000000014, 435.6999999999989) | status=EARLY SELL CONTROL
16:46:03 / 30.09.26 -5 | peak=(239.60000000000014, 435.6999999999989) | status=BUY PRESSURE HELD
16:49:04 / 30.09.26 -5 | peak=(239.60000000000014, 438.89999999999964) | status=BUY PRESSURE HELD
16:50:02 / 30.09.26 -5 | peak=(239.60000000000014, 438.89999999999964) | status=POSSIBLE EARLY SELL CONTROL SHIFT
16:51:00 / 30.09.26 -5 | peak=(239.60000000000014, 440.0999999999999) | status=POSSIBLE EARLY SELL CONTROL SHIFT
16:52:04 / 30.09.26 -5 | peak=(239.60000000000014, 440.0999999999999) | status=EARLY SELL CONTROL
16:53:03 / 30.09.26 -5 | peak=(239.60000000000014, 440.0999999999999) | status=BUY PRESSURE HELD
16:54:01 / 30.09.26 -5 | peak=(239.60000000000014, 440.0999999999999) | status=POSSIBLE EARLY SELL CONTROL SHIFT
16:55:01 / 30.09.26 -5 | peak=(239.60000000000014, 442.5999999999999) | status=POSSIBLE EARLY SELL CONTROL SHIFT
16:56:11 / 30.09.26 -5 | peak=(239.60000000000014, 443.3000000000002) | status=POSSIBLE EARLY SELL CONTROL SHIFT
16:57:04 / 30.09.26 -5 | peak=(239.60000000000014, 446.8000000000002) | status=POSSIBLE EARLY SELL CONTROL SHIFT
16:58:01 / 30.09.26 -5 | peak=(239.60000000000014, 449.4000000000001) | status=POSSIBLE EARLY SELL CONTROL SHIFT
16:59:08 / 30.09.26 -5 | peak=(239.60000000000014, 453.6999999999998) | status=POSSIBLE EARLY SELL CONTROL SHIFT
17:00:01 / 30.09.26 -5 | peak=(239.60000000000014, 453.6999999999998) | status=BUY PRESSURE HELD
17:01:05 / 30.09.26 -5 | peak=(239.60000000000014, 458.5999999999999) | status=BUY PRESSURE HELD
17:02:02 / 30.09.26 -5 | peak=(239.60000000000014, 458.5999999999999) | status=POSSIBLE EARLY SELL CONTROL SHIFT
17:03:09 / 30.09.26 -5 | peak=(239.60000000000014, 458.5999999999999) | status=EARLY SELL CONTROL
17:04:02 / 30.09.26 -5 | peak=(239.60000000000014, 465.0999999999999) | status=EARLY SELL CONTROL
17:05:00 / 30.09.26 -5 | peak=(239.60000000000014, 465.0999999999999) | status=BUY PRESSURE HELD
17:07:00 / 30.09.26 -5 | peak=(239.60000000000014, 465.0999999999999) | status=POSSIBLE EARLY SELL CONTROL SHIFT
17:08:04 / 30.09.26 -5 | peak=(239.60000000000014, 465.0999999999999) | status=EARLY SELL CONTROL
17:09:02 / 30.09.26 -5 | peak=(239.60000000000014, 465.0999999999999) | status=BUY PRESSURE HELD
17:10:09 / 30.09.26 -5 | peak=(239.60000000000014, 465.0999999999999) | status=POSSIBLE EARLY SELL CONTROL SHIFT
17:11:02 / 30.09.26 -5 | peak=(239.60000000000014, 465.0999999999999) | status=BUY PRESSURE HELD
17:17:05 / 30.09.26 -5 | peak=(239.60000000000014, 465.0999999999999) | status=POSSIBLE EARLY SELL CONTROL SHIFT
17:18:04 / 30.09.26 -5 | peak=(239.60000000000014, 465.0999999999999) | status=BUY PRESSURE HELD
17:19:01 / 30.09.26 -5 | peak=(239.60000000000014, 465.0999999999999) | status=POSSIBLE EARLY SELL CONTROL SHIFT
17:20:08 / 30.09.26 -5 | peak=(239.60000000000014, 465.0999999999999) | status=BUY PRESSURE HELD
17:21:02 / 30.09.26 -5 | peak=(239.60000000000014, 465.0999999999999) | status=POSSIBLE EARLY SELL CONTROL SHIFT
17:22:03 / 30.09.26 -5 | peak=(239.60000000000014, 465.0999999999999) | status=BUY PRESSURE HELD
17:28:02 / 30.09.26 -5 | peak=(239.60000000000014, 465.0999999999999) | status=POSSIBLE EARLY SELL CONTROL SHIFT
17:29:05 / 30.09.26 -5 | peak=(239.60000000000014, 465.0999999999999) | status=BUY PRESSURE HELD
17:32:03 / 30.09.26 -5 | peak=(239.60000000000014, 465.0999999999999) | status=BUY CONTROL
17:33:07 / 30.09.26 -5 | peak=(239.60000000000014, 465.0999999999999) | status=POSSIBLE EARLY SELL CONTROL SHIFT
17:34:00 / 30.09.26 -5 | peak=(239.60000000000014, 465.0999999999999) | status=BUY PRESSURE HELD
17:36:03 / 30.09.26 -5 | peak=(239.60000000000014, 465.0999999999999) | status=POSSIBLE EARLY SELL CONTROL SHIFT
17:37:02 / 30.09.26 -5 | peak=(239.60000000000014, 465.0999999999999) | status=BUY PRESSURE HELD
17:38:10 / 30.09.26 -5 | peak=(239.60000000000014, 465.0999999999999) | status=POSSIBLE EARLY SELL CONTROL SHIFT
17:39:02 / 30.09.26 -5 | peak=(239.60000000000014, 465.0999999999999) | status=BUY PRESSURE HELD
17:40:00 / 30.09.26 -5 | peak=(239.60000000000014, 465.0999999999999) | status=POSSIBLE EARLY SELL CONTROL SHIFT
17:41:04 / 30.09.26 -5 | peak=(239.60000000000014, 465.0999999999999) | status=BUY PRESSURE HELD
17:44:02 / 30.09.26 -5 | peak=(239.60000000000014, 465.0999999999999) | status=POSSIBLE EARLY SELL CONTROL SHIFT
17:45:02 / 30.09.26 -5 | peak=(239.60000000000014, 465.0999999999999) | status=BUY PRESSURE HELD
17:46:01 / 30.09.26 -5 | peak=(239.60000000000014, 465.0999999999999) | status=POSSIBLE EARLY SELL CONTROL SHIFT
17:47:03 / 30.09.26 -5 | peak=(239.60000000000014, 465.0999999999999) | status=EARLY SELL CONTROL
17:48:00 / 30.09.26 -5 | peak=(239.60000000000014, 465.0999999999999) | status=POSSIBLE EARLY SELL CONTROL SHIFT
17:49:06 / 30.09.26 -5 | peak=(239.60000000000014, 465.0999999999999) | status=EARLY SELL CONTROL
17:50:07 / 30.09.26 -5 | peak=(239.60000000000014, 465.0999999999999) | status=POSSIBLE EARLY SELL CONTROL SHIFT
17:51:00 / 30.09.26 -5 | peak=(239.60000000000014, 465.0999999999999) | status=EARLY SELL CONTROL
17:52:01 / 30.09.26 -5 | peak=(239.60000000000014, 465.0999999999999) | status=POSSIBLE EARLY SELL CONTROL SHIFT
17:53:08 / 30.09.26 -5 | peak=(239.60000000000014, 465.0999999999999) | status=BUY PRESSURE HELD
17:54:01 / 30.09.26 -5 | peak=(239.60000000000014, 465.0999999999999) | status=POSSIBLE EARLY SELL CONTROL SHIFT
17:55:02 / 30.09.26 -5 | peak=(239.60000000000014, 465.0999999999999) | status=BUY PRESSURE HELD
17:56:10 / 30.09.26 -5 | peak=(239.60000000000014, 465.0999999999999) | status=POSSIBLE EARLY SELL CONTROL SHIFT
17:57:03 / 30.09.26 -5 | peak=(239.60000000000014, 465.0999999999999) | status=BUY PRESSURE HELD
17:58:08 / 30.09.26 -5 | peak=(239.60000000000014, 465.0999999999999) | status=POSSIBLE EARLY SELL CONTROL SHIFT
17:59:00 / 30.09.26 -5 | peak=(239.60000000000014, 465.0999999999999) | status=BUY PRESSURE HELD
18:00:02 / 30.09.26 -5 | peak=(239.60000000000014, 465.0999999999999) | status=POSSIBLE EARLY SELL CONTROL SHIFT
18:01:02 / 30.09.26 -5 | peak=(239.60000000000014, 465.0999999999999) | status=BUY PRESSURE HELD
18:05:04 / 30.09.26 -5 | peak=(239.60000000000014, 465.0999999999999) | status=POSSIBLE EARLY SELL CONTROL SHIFT
18:06:10 / 30.09.26 -5 | peak=(239.60000000000014, 465.0999999999999) | status=EARLY SELL CONTROL
18:07:03 / 30.09.26 -5 | peak=(239.60000000000014, 465.0999999999999) | status=POSSIBLE EARLY SELL CONTROL SHIFT
18:08:02 / 30.09.26 -5 | peak=(239.60000000000014, 465.0999999999999) | status=EARLY SELL CONTROL
18:09:02 / 30.09.26 -5 | peak=(239.60000000000014, 465.0999999999999) | status=POSSIBLE EARLY SELL CONTROL SHIFT
18:10:01 / 30.09.26 -5 | peak=(239.60000000000014, 465.0999999999999) | status=BUY PRESSURE HELD
18:11:00 / 30.09.26 -5 | peak=(239.60000000000014, 465.0999999999999) | status=POSSIBLE EARLY SELL CONTROL SHIFT
18:12:00 / 30.09.26 -5 | peak=(239.60000000000014, 465.0999999999999) | status=EARLY SELL CONTROL
18:13:10 / 30.09.26 -5 | peak=(239.60000000000014, 465.0999999999999) | status=BUY PRESSURE HELD
18:15:03 / 30.09.26 -5 | peak=(239.60000000000014, 465.0999999999999) | status=POSSIBLE EARLY SELL CONTROL SHIFT
18:16:02 / 30.09.26 -5 | peak=(239.60000000000014, 465.0999999999999) | status=EARLY SELL CONTROL
18:17:02 / 30.09.26 -5 | peak=(239.60000000000014, 465.0999999999999) | status=BUY PRESSURE HELD
18:18:01 / 30.09.26 -5 | peak=(239.60000000000014, 465.0999999999999) | status=POSSIBLE EARLY SELL CONTROL SHIFT
18:19:00 / 30.09.26 -5 | peak=(239.60000000000014, 465.0999999999999) | status=BUY PRESSURE HELD
18:21:03 / 30.09.26 -5 | peak=(239.60000000000014, 465.0999999999999) | status=POSSIBLE EARLY SELL CONTROL SHIFT
18:22:02 / 30.09.26 -5 | peak=(239.60000000000014, 465.0999999999999) | status=BUY PRESSURE HELD
18:23:01 / 30.09.26 -5 | peak=(239.60000000000014, 465.0999999999999) | status=POSSIBLE EARLY SELL CONTROL SHIFT
18:24:00 / 30.09.26 -5 | peak=(239.60000000000014, 475.8999999999978) | status=POSSIBLE EARLY SELL CONTROL SHIFT
18:25:11 / 30.09.26 -5 | peak=(239.60000000000014, 475.8999999999978) | status=EARLY SELL CONTROL
18:26:11 / 30.09.26 -5 | peak=(239.60000000000014, 475.8999999999978) | status=POSSIBLE EARLY SELL CONTROL SHIFT
18:27:05 / 30.09.26 -5 | peak=(239.60000000000014, 486.1999999999971) | status=POSSIBLE EARLY SELL CONTROL SHIFT
18:28:04 / 30.09.26 -5 | peak=(239.60000000000014, 486.1999999999971) | status=EARLY SELL CONTROL
18:29:09 / 30.09.26 -5 | peak=(239.60000000000014, 486.1999999999971) | status=POSSIBLE EARLY SELL CONTROL SHIFT
18:30:02 / 30.09.26 -5 | peak=(239.60000000000014, 486.1999999999971) | status=EARLY SELL CONTROL
18:31:05 / 30.09.26 -5 | peak=(239.60000000000014, 486.1999999999971) | status=BUY PRESSURE HELD
18:32:04 / 30.09.26 -5 | peak=(239.60000000000014, 486.1999999999971) | status=POSSIBLE EARLY SELL CONTROL SHIFT
18:33:04 / 30.09.26 -5 | peak=(239.60000000000014, 486.1999999999971) | status=EARLY SELL CONTROL
18:34:04 / 30.09.26 -5 | peak=(239.60000000000014, 486.1999999999971) | status=POSSIBLE EARLY SELL CONTROL SHIFT
18:35:05 / 30.09.26 -5 | peak=(239.60000000000014, 486.1999999999971) | status=BUY PRESSURE HELD
18:39:03 / 30.09.26 -5 | peak=(239.60000000000014, 486.1999999999971) | status=POSSIBLE EARLY SELL CONTROL SHIFT
18:40:03 / 30.09.26 -5 | peak=(239.60000000000014, 486.1999999999971) | status=EARLY SELL CONTROL
18:41:02 / 30.09.26 -5 | peak=(239.60000000000014, 486.1999999999971) | status=BUY PRESSURE HELD
18:42:02 / 30.09.26 -5 | peak=(239.60000000000014, 486.1999999999971) | status=POSSIBLE EARLY SELL CONTROL SHIFT
18:43:02 / 30.09.26 -5 | peak=(239.60000000000014, 486.1999999999971) | status=EARLY SELL CONTROL
18:44:01 / 30.09.26 -5 | peak=(239.60000000000014, 486.1999999999971) | status=BUY PRESSURE HELD
18:46:01 / 30.09.26 -5 | peak=(239.60000000000014, 486.1999999999971) | status=POSSIBLE EARLY SELL CONTROL SHIFT
18:47:01 / 30.09.26 -5 | peak=(239.60000000000014, 486.1999999999971) | status=EARLY SELL CONTROL
18:48:00 / 30.09.26 -5 | peak=(239.60000000000014, 486.1999999999971) | status=POSSIBLE EARLY SELL CONTROL SHIFT
18:49:00 / 30.09.26 -5 | peak=(239.60000000000014, 486.1999999999971) | status=BUY PRESSURE HELD
18:51:00 / 30.09.26 -5 | peak=(239.60000000000014, 486.1999999999971) | status=POSSIBLE EARLY SELL CONTROL SHIFT
18:52:05 / 30.09.26 -5 | peak=(239.60000000000014, 486.1999999999971) | status=BUY PRESSURE HELD
18:55:05 / 30.09.26 -5 | peak=(239.60000000000014, 486.1999999999971) | status=POSSIBLE EARLY SELL CONTROL SHIFT
18:56:05 / 30.09.26 -5 | peak=(239.60000000000014, 486.1999999999971) | status=EARLY SELL CONTROL
18:57:04 / 30.09.26 -5 | peak=(239.60000000000014, 486.1999999999971) | status=POSSIBLE EARLY SELL CONTROL SHIFT
18:58:04 / 30.09.26 -5 | peak=(239.60000000000014, 486.1999999999971) | status=BUY PRESSURE HELD
19:01:02 / 30.09.26 -5 | peak=(239.60000000000014, 486.1999999999971) | status=POSSIBLE EARLY SELL CONTROL SHIFT
19:02:01 / 30.09.26 -5 | peak=(239.60000000000014, 486.1999999999971) | status=EARLY SELL CONTROL
19:03:02 / 30.09.26 -5 | peak=(239.60000000000014, 486.1999999999971) | status=POSSIBLE EARLY SELL CONTROL SHIFT
19:04:02 / 30.09.26 -5 | peak=(239.60000000000014, 486.1999999999971) | status=BUY PRESSURE HELD
19:05:02 / 30.09.26 -5 | peak=(239.60000000000014, 486.1999999999971) | status=POSSIBLE EARLY SELL CONTROL SHIFT
19:06:03 / 30.09.26 -5 | peak=(239.60000000000014, 486.1999999999971) | status=EARLY SELL CONTROL
19:07:02 / 30.09.26 -5 | peak=(239.60000000000014, 486.1999999999971) | status=POSSIBLE EARLY SELL CONTROL SHIFT
19:08:03 / 30.09.26 -5 | peak=(239.60000000000014, 486.1999999999971) | status=BUY PRESSURE HELD
19:10:03 / 30.09.26 -5 | peak=(239.60000000000014, 486.1999999999971) | status=POSSIBLE EARLY SELL CONTROL SHIFT
19:11:03 / 30.09.26 -5 | peak=(239.60000000000014, 486.1999999999971) | status=EARLY SELL CONTROL
19:12:03 / 30.09.26 -5 | peak=(239.60000000000014, 486.1999999999971) | status=BUY PRESSURE HELD
19:14:02 / 30.09.26 -5 | peak=(239.60000000000014, 486.1999999999971) | status=POSSIBLE EARLY SELL CONTROL SHIFT
19:15:01 / 30.09.26 -5 | peak=(239.60000000000014, 486.1999999999971) | status=EARLY SELL CONTROL
19:16:01 / 30.09.26 -5 | peak=(239.60000000000014, 486.1999999999971) | status=POSSIBLE EARLY SELL CONTROL SHIFT
19:17:02 / 30.09.26 -5 | peak=(239.60000000000014, 486.1999999999971) | status=EARLY SELL CONTROL
19:18:03 / 30.09.26 -5 | peak=(239.60000000000014, 486.1999999999971) | status=POSSIBLE EARLY SELL CONTROL SHIFT
19:19:04 / 30.09.26 -5 | peak=(239.60000000000014, 486.1999999999971) | status=EARLY SELL CONTROL
19:20:05 / 30.09.26 -5 | peak=(239.60000000000014, 486.1999999999971) | status=BUY PRESSURE HELD
19:22:05 / 30.09.26 -5 | peak=(239.60000000000014, 486.1999999999971) | status=POSSIBLE EARLY SELL CONTROL SHIFT
19:23:05 / 30.09.26 -5 | peak=(239.60000000000014, 486.1999999999971) | status=EARLY SELL CONTROL
19:24:05 / 30.09.26 -5 | peak=(239.60000000000014, 486.1999999999971) | status=POSSIBLE EARLY SELL CONTROL SHIFT
19:25:00 / 30.09.26 -5 | peak=(239.60000000000014, 486.1999999999971) | status=BUY PRESSURE HELD
19:27:01 / 30.09.26 -5 | peak=(239.60000000000014, 486.1999999999971) | status=POSSIBLE EARLY SELL CONTROL SHIFT
19:28:01 / 30.09.26 -5 | peak=(239.60000000000014, 486.1999999999971) | status=BUY PRESSURE HELD
19:30:01 / 30.09.26 -5 | peak=(239.60000000000014, 486.1999999999971) | status=POSSIBLE EARLY SELL CONTROL SHIFT
19:31:01 / 30.09.26 -5 | peak=(239.60000000000014, 486.1999999999971) | status=EARLY SELL CONTROL
19:32:02 / 30.09.26 -5 | peak=(239.60000000000014, 486.1999999999971) | status=BUY PRESSURE HELD
19:33:04 / 30.09.26 -5 | peak=(239.60000000000014, 486.1999999999971) | status=POSSIBLE EARLY SELL CONTROL SHIFT
19:34:05 / 30.09.26 -5 | peak=(239.60000000000014, 486.1999999999971) | status=BUY PRESSURE HELD
19:35:00 / 30.09.26 -5 | peak=(239.60000000000014, 486.1999999999971) | status=POSSIBLE EARLY SELL CONTROL SHIFT
19:36:01 / 30.09.26 -5 | peak=(239.60000000000014, 486.1999999999971) | status=BUY PRESSURE HELD
19:38:03 / 30.09.26 -5 | peak=(239.60000000000014, 486.1999999999971) | status=POSSIBLE EARLY SELL CONTROL SHIFT
19:39:03 / 30.09.26 -5 | peak=(239.60000000000014, 486.1999999999971) | status=BUY PRESSURE HELD
19:42:02 / 30.09.26 -5 | peak=(239.60000000000014, 486.1999999999971) | status=POSSIBLE EARLY SELL CONTROL SHIFT
19:43:01 / 30.09.26 -5 | peak=(239.60000000000014, 486.1999999999971) | status=BUY PRESSURE HELD
19:46:04 / 30.09.26 -5 | peak=(239.60000000000014, 486.1999999999971) | status=POSSIBLE EARLY SELL CONTROL SHIFT
19:47:00 / 30.09.26 -5 | peak=(239.60000000000014, 486.1999999999971) | status=EARLY SELL CONTROL
19:48:01 / 30.09.26 -5 | peak=(239.60000000000014, 486.1999999999971) | status=POSSIBLE EARLY SELL CONTROL SHIFT
19:49:02 / 30.09.26 -5 | peak=(239.60000000000014, 486.1999999999971) | status=BUY PRESSURE HELD
19:51:05 / 30.09.26 -5 | peak=(239.60000000000014, 486.1999999999971) | status=POSSIBLE EARLY SELL CONTROL SHIFT
19:52:00 / 30.09.26 -5 | peak=(239.60000000000014, 486.1999999999971) | status=BUY PRESSURE HELD
19:54:03 / 30.09.26 -5 | peak=(239.60000000000014, 486.1999999999971) | status=POSSIBLE EARLY SELL CONTROL SHIFT
19:55:04 / 30.09.26 -5 | peak=(239.60000000000014, 486.1999999999971) | status=EARLY SELL CONTROL
19:56:05 / 30.09.26 -5 | peak=(239.60000000000014, 486.1999999999971) | status=BUY PRESSURE HELD
19:58:03 / 30.09.26 -5 | peak=(239.60000000000014, 486.1999999999971) | status=POSSIBLE EARLY SELL CONTROL SHIFT
19:59:05 / 30.09.26 -5 | peak=(239.60000000000014, 486.1999999999971) | status=BUY PRESSURE HELD
20:00:00 / 30.09.26 -5 | peak=(239.60000000000014, 486.1999999999971) | status=POSSIBLE EARLY SELL CONTROL SHIFT
20:01:02 / 30.09.26 -5 | peak=(239.60000000000014, 486.1999999999971) | status=BUY PRESSURE HELD
20:02:05 / 30.09.26 -5 | peak=(239.60000000000014, 486.1999999999971) | status=POSSIBLE EARLY SELL CONTROL SHIFT
20:03:01 / 30.09.26 -5 | peak=(239.60000000000014, 486.1999999999971) | status=BUY PRESSURE HELD
20:04:03 / 30.09.26 -5 | peak=(239.60000000000014, 486.1999999999971) | status=POSSIBLE EARLY SELL CONTROL SHIFT
20:05:05 / 30.09.26 -5 | peak=(239.60000000000014, 486.1999999999971) | status=BUY PRESSURE HELD
20:10:03 / 30.09.26 -5 | peak=(239.60000000000014, 486.1999999999971) | status=POSSIBLE EARLY SELL CONTROL SHIFT
20:11:04 / 30.09.26 -5 | peak=(239.60000000000014, 486.1999999999971) | status=EARLY SELL CONTROL
20:12:00 / 30.09.26 -5 | peak=(239.60000000000014, 486.1999999999971) | status=POSSIBLE EARLY SELL CONTROL SHIFT
20:13:00 / 30.09.26 -5 | peak=(239.60000000000014, 486.1999999999971) | status=BUY PRESSURE HELD
20:15:05 / 30.09.26 -5 | peak=(239.60000000000014, 486.1999999999971) | status=POSSIBLE EARLY SELL CONTROL SHIFT
20:16:01 / 30.09.26 -5 | peak=(239.60000000000014, 486.1999999999971) | status=BUY PRESSURE HELD
20:17:03 / 30.09.26 -5 | peak=(239.60000000000014, 486.1999999999971) | status=POSSIBLE EARLY SELL CONTROL SHIFT
20:18:00 / 30.09.26 -5 | peak=(239.60000000000014, 486.1999999999971) | status=BUY PRESSURE HELD
20:22:03 / 30.09.26 -5 | peak=(239.60000000000014, 486.1999999999971) | status=POSSIBLE EARLY SELL CONTROL SHIFT
20:23:05 / 30.09.26 -5 | peak=(239.60000000000014, 486.1999999999971) | status=EARLY SELL CONTROL
20:24:01 / 30.09.26 -5 | peak=(239.60000000000014, 486.1999999999971) | status=BUY PRESSURE HELD
20:25:04 / 30.09.26 -5 | peak=(239.60000000000014, 486.1999999999971) | status=POSSIBLE EARLY SELL CONTROL SHIFT
20:26:00 / 30.09.26 -5 | peak=(239.60000000000014, 486.1999999999971) | status=EARLY SELL CONTROL
20:27:02 / 30.09.26 -5 | peak=(239.60000000000014, 486.1999999999971) | status=POSSIBLE EARLY SELL CONTROL SHIFT
20:28:05 / 30.09.26 -5 | peak=(239.60000000000014, 486.1999999999971) | status=EARLY SELL CONTROL
20:29:01 / 30.09.26 -5 | peak=(239.60000000000014, 486.1999999999971) | status=POSSIBLE EARLY SELL CONTROL SHIFT
20:30:03 / 30.09.26 -5 | peak=(239.60000000000014, 486.1999999999971) | status=EARLY SELL CONTROL
20:31:00 / 30.09.26 -5 | peak=(239.60000000000014, 486.1999999999971) | status=POSSIBLE EARLY SELL CONTROL SHIFT
20:32:01 / 30.09.26 -5 | peak=(239.60000000000014, 486.1999999999971) | status=EARLY SELL CONTROL
20:33:05 / 30.09.26 -5 | peak=(239.60000000000014, 486.1999999999971) | status=BUY PRESSURE HELD
20:34:02 / 30.09.26 -5 | peak=(239.60000000000014, 486.1999999999971) | status=POSSIBLE EARLY SELL CONTROL SHIFT
20:35:05 / 30.09.26 -5 | peak=(239.60000000000014, 486.1999999999971) | status=BUY PRESSURE HELD
20:36:01 / 30.09.26 -5 | peak=(239.60000000000014, 486.1999999999971) | status=POSSIBLE EARLY SELL CONTROL SHIFT
20:37:03 / 30.09.26 -5 | peak=(239.60000000000014, 486.1999999999971) | status=EARLY SELL CONTROL
20:38:00 / 30.09.26 -5 | peak=(239.60000000000014, 486.1999999999971) | status=BUY PRESSURE HELD
20:42:03 / 30.09.26 -5 | peak=(239.60000000000014, 486.1999999999971) | status=POSSIBLE EARLY SELL CONTROL SHIFT
20:43:01 / 30.09.26 -5 | peak=(239.60000000000014, 486.1999999999971) | status=BUY PRESSURE HELD
20:46:00 / 30.09.26 -5 | peak=(239.60000000000014, 486.1999999999971) | status=POSSIBLE EARLY SELL CONTROL SHIFT
20:47:05 / 30.09.26 -5 | peak=(239.60000000000014, 486.1999999999971) | status=EARLY SELL CONTROL
20:48:02 / 30.09.26 -5 | peak=(239.60000000000014, 486.1999999999971) | status=POSSIBLE EARLY SELL CONTROL SHIFT
20:49:04 / 30.09.26 -5 | peak=(239.60000000000014, 486.1999999999971) | status=EARLY SELL CONTROL
20:50:01 / 30.09.26 -5 | peak=(239.60000000000014, 486.1999999999971) | status=POSSIBLE EARLY SELL CONTROL SHIFT
20:51:05 / 30.09.26 -5 | peak=(239.60000000000014, 486.1999999999971) | status=BUY PRESSURE HELD
20:53:05 / 30.09.26 -5 | peak=(239.60000000000014, 486.1999999999971) | status=POSSIBLE EARLY SELL CONTROL SHIFT
20:54:01 / 30.09.26 -5 | peak=(239.60000000000014, 486.1999999999971) | status=BUY PRESSURE HELD
20:57:00 / 30.09.26 -5 | peak=(239.60000000000014, 486.1999999999971) | status=POSSIBLE EARLY SELL CONTROL SHIFT
20:58:03 / 30.09.26 -5 | peak=(239.60000000000014, 486.1999999999971) | status=EARLY SELL CONTROL
20:59:05 / 30.09.26 -5 | peak=(239.60000000000014, 486.1999999999971) | status=BUY PRESSURE HELD
21:00:00 / 30.09.26 -5 | peak=(239.60000000000014, 486.1999999999971) | status=POSSIBLE EARLY SELL CONTROL SHIFT
21:01:02 / 30.09.26 -5 | peak=(239.60000000000014, 486.1999999999971) | status=BUY PRESSURE HELD
21:02:03 / 30.09.26 -5 | peak=(239.60000000000014, 486.1999999999971) | status=POSSIBLE EARLY SELL CONTROL SHIFT
21:03:05 / 30.09.26 -5 | peak=(239.60000000000014, 486.1999999999971) | status=EARLY SELL CONTROL
21:04:02 / 30.09.26 -5 | peak=(239.60000000000014, 486.1999999999971) | status=POSSIBLE EARLY SELL CONTROL SHIFT
21:05:02 / 30.09.26 -5 | peak=(239.60000000000014, 486.1999999999971) | status=BUY PRESSURE HELD
21:10:03 / 30.09.26 -5 | peak=(239.60000000000014, 486.1999999999971) | status=POSSIBLE EARLY SELL CONTROL SHIFT
21:11:05 / 30.09.26 -5 | peak=(239.60000000000014, 486.1999999999971) | status=BUY PRESSURE HELD
21:13:03 / 30.09.26 -5 | peak=(239.60000000000014, 486.1999999999971) | status=POSSIBLE EARLY SELL CONTROL SHIFT
21:14:05 / 30.09.26 -5 | peak=(239.60000000000014, 486.1999999999971) | status=EARLY SELL CONTROL
21:15:03 / 30.09.26 -5 | peak=(239.60000000000014, 486.1999999999971) | status=POSSIBLE EARLY SELL CONTROL SHIFT
21:16:01 / 30.09.26 -5 | peak=(239.60000000000014, 486.1999999999971) | status=EARLY SELL CONTROL
21:17:05 / 30.09.26 -5 | peak=(239.60000000000014, 486.1999999999971) | status=POSSIBLE EARLY SELL CONTROL SHIFT
21:18:03 / 30.09.26 -5 | peak=(239.60000000000014, 486.1999999999971) | status=BUY PRESSURE HELD
21:19:01 / 30.09.26 -5 | peak=(239.60000000000014, 486.1999999999971) | status=POSSIBLE EARLY SELL CONTROL SHIFT
21:20:04 / 30.09.26 -5 | peak=(239.60000000000014, 486.1999999999971) | status=BUY PRESSURE HELD
21:21:02 / 30.09.26 -5 | peak=(239.60000000000014, 486.1999999999971) | status=POSSIBLE EARLY SELL CONTROL SHIFT
21:22:00 / 30.09.26 -5 | peak=(239.60000000000014, 486.1999999999971) | status=EARLY SELL CONTROL
21:23:03 / 30.09.26 -5 | peak=(239.60000000000014, 486.1999999999971) | status=BUY PRESSURE HELD
21:25:02 / 30.09.26 -5 | peak=(239.60000000000014, 486.1999999999971) | status=POSSIBLE EARLY SELL CONTROL SHIFT
21:26:05 / 30.09.26 -5 | peak=(239.60000000000014, 486.1999999999971) | status=EARLY SELL CONTROL
21:27:02 / 30.09.26 -5 | peak=(239.60000000000014, 486.1999999999971) | status=POSSIBLE EARLY SELL CONTROL SHIFT
21:28:05 / 30.09.26 -5 | peak=(239.60000000000014, 486.1999999999971) | status=EARLY SELL CONTROL
21:29:03 / 30.09.26 -5 | peak=(239.60000000000014, 486.1999999999971) | status=BUY PRESSURE HELD
21:32:03 / 30.09.26 -5 | peak=(239.60000000000014, 486.1999999999971) | status=POSSIBLE EARLY SELL CONTROL SHIFT
21:33:00 / 30.09.26 -5 | peak=(239.60000000000014, 486.1999999999971) | status=BUY PRESSURE HELD
21:34:03 / 30.09.26 -5 | peak=(239.60000000000014, 486.1999999999971) | status=POSSIBLE EARLY SELL CONTROL SHIFT
21:35:05 / 30.09.26 -5 | peak=(239.60000000000014, 486.1999999999971) | status=EARLY SELL CONTROL
21:36:02 / 30.09.26 -5 | peak=(239.60000000000014, 486.1999999999971) | status=POSSIBLE EARLY SELL CONTROL SHIFT
21:37:01 / 30.09.26 -5 | peak=(239.60000000000014, 486.1999999999971) | status=EARLY SELL CONTROL
21:38:03 / 30.09.26 -5 | peak=(239.60000000000014, 486.1999999999971) | status=POSSIBLE EARLY SELL CONTROL SHIFT
21:39:00 / 30.09.26 -5 | peak=(239.60000000000014, 486.1999999999971) | status=EARLY SELL CONTROL
21:40:04 / 30.09.26 -5 | peak=(239.60000000000014, 486.1999999999971) | status=POSSIBLE EARLY SELL CONTROL SHIFT
21:41:03 / 30.09.26 -5 | peak=(239.60000000000014, 486.1999999999971) | status=BUY PRESSURE HELD
21:42:00 / 30.09.26 -5 | peak=(239.60000000000014, 486.1999999999971) | status=POSSIBLE EARLY SELL CONTROL SHIFT
21:43:04 / 30.09.26 -5 | peak=(239.60000000000014, 486.1999999999971) | status=BUY PRESSURE HELD
21:44:01 / 30.09.26 -5 | peak=(239.60000000000014, 486.1999999999971) | status=POSSIBLE EARLY SELL CONTROL SHIFT
21:45:04 / 30.09.26 -5 | peak=(239.60000000000014, 486.1999999999971) | status=EARLY SELL CONTROL
21:46:04 / 30.09.26 -5 | peak=(239.60000000000014, 486.1999999999971) | status=POSSIBLE EARLY SELL CONTROL SHIFT
21:47:04 / 30.09.26 -5 | peak=(239.60000000000014, 486.1999999999971) | status=EARLY SELL CONTROL
21:48:05 / 30.09.26 -5 | peak=(239.60000000000014, 486.1999999999971) | status=BUY PRESSURE HELD
21:49:04 / 30.09.26 -5 | СМЕНА НАКОПИТЕЛЬНОГО ДОМИНАНТА: BUY -> SELL
21:49:04 / 30.09.26 -5 | peak=(239.60000000000014, 486.1999999999971) | status=SELL PRESSURE HELD
21:50:03 / 30.09.26 -5 | peak=(239.60000000000014, 486.1999999999971) | status=SELL RESULT EFFICIENCY FALLING
21:51:04 / 30.09.26 -5 | peak=(239.60000000000014, 486.1999999999971) | status=POSSIBLE EARLY BUY CONTROL SHIFT
21:52:03 / 30.09.26 -5 | peak=(239.60000000000014, 486.1999999999971) | status=EARLY BUY CONTROL
21:53:01 / 30.09.26 -5 | peak=(239.60000000000014, 486.1999999999971) | status=POSSIBLE EARLY BUY CONTROL SHIFT
21:54:04 / 30.09.26 -5 | СМЕНА НАКОПИТЕЛЬНОГО ДОМИНАНТА: SELL -> BUY
21:54:04 / 30.09.26 -5 | peak=(239.60000000000014, 486.1999999999971) | status=BUY PRESSURE HELD
21:55:00 / 30.09.26 -5 | СМЕНА НАКОПИТЕЛЬНОГО ДОМИНАНТА: BUY -> SELL
21:55:00 / 30.09.26 -5 | peak=(239.60000000000014, 486.1999999999971) | status=SELL PRESSURE HELD
21:57:03 / 30.09.26 -5 | peak=(239.60000000000014, 486.1999999999971) | status=POSSIBLE EARLY BUY CONTROL SHIFT
21:58:01 / 30.09.26 -5 | peak=(239.60000000000014, 486.1999999999971) | status=EARLY BUY CONTROL
21:59:04 / 30.09.26 -5 | peak=(239.60000000000014, 486.1999999999971) | status=SELL PRESSURE HELD
22:01:04 / 30.09.26 -5 | peak=(239.60000000000014, 486.1999999999971) | status=POSSIBLE EARLY BUY CONTROL SHIFT
22:02:00 / 30.09.26 -5 | peak=(239.60000000000014, 486.1999999999971) | status=SELL PRESSURE HELD
22:06:01 / 30.09.26 -5 | peak=(239.60000000000014, 486.1999999999971) | status=POSSIBLE EARLY BUY CONTROL SHIFT
22:07:04 / 30.09.26 -5 | peak=(239.60000000000014, 486.1999999999971) | status=SELL PRESSURE HELD
22:08:01 / 30.09.26 -5 | peak=(239.60000000000014, 486.1999999999971) | status=POSSIBLE EARLY BUY CONTROL SHIFT
22:09:01 / 30.09.26 -5 | peak=(239.60000000000014, 486.1999999999971) | status=EARLY BUY CONTROL
22:10:05 / 30.09.26 -5 | peak=(239.60000000000014, 486.1999999999971) | status=POSSIBLE EARLY BUY CONTROL SHIFT
22:11:00 / 30.09.26 -5 | peak=(239.60000000000014, 486.1999999999971) | status=EARLY BUY CONTROL
22:12:03 / 30.09.26 -5 | peak=(239.60000000000014, 486.1999999999971) | status=SELL PRESSURE HELD
22:16:02 / 30.09.26 -5 | peak=(239.60000000000014, 486.1999999999971) | status=POSSIBLE EARLY BUY CONTROL SHIFT
22:17:00 / 30.09.26 -5 | peak=(239.60000000000014, 486.1999999999971) | status=EARLY BUY CONTROL
22:18:02 / 30.09.26 -5 | peak=(239.60000000000014, 486.1999999999971) | status=SELL PRESSURE HELD
22:20:00 / 30.09.26 -5 | peak=(239.60000000000014, 486.1999999999971) | status=POSSIBLE EARLY BUY CONTROL SHIFT
22:21:00 / 30.09.26 -5 | peak=(239.60000000000014, 486.1999999999971) | status=SELL PRESSURE HELD
22:23:00 / 30.09.26 -5 | peak=(239.60000000000014, 486.1999999999971) | status=POSSIBLE EARLY BUY CONTROL SHIFT
22:24:02 / 30.09.26 -5 | peak=(239.60000000000014, 486.1999999999971) | status=EARLY BUY CONTROL
22:25:04 / 30.09.26 -5 | peak=(239.60000000000014, 486.1999999999971) | status=SELL PRESSURE HELD
22:26:04 / 30.09.26 -5 | peak=(239.60000000000014, 486.1999999999971) | status=POSSIBLE EARLY BUY CONTROL SHIFT
22:27:03 / 30.09.26 -5 | peak=(239.60000000000014, 486.1999999999971) | status=EARLY BUY CONTROL
22:28:01 / 30.09.26 -5 | peak=(239.60000000000014, 486.1999999999971) | status=POSSIBLE EARLY BUY CONTROL SHIFT
22:29:03 / 30.09.26 -5 | peak=(239.60000000000014, 486.1999999999971) | status=EARLY BUY CONTROL
22:30:03 / 30.09.26 -5 | peak=(239.60000000000014, 486.1999999999971) | status=POSSIBLE EARLY BUY CONTROL SHIFT
22:31:03 / 30.09.26 -5 | peak=(239.60000000000014, 486.1999999999971) | status=SELL PRESSURE HELD
22:33:00 / 30.09.26 -5 | peak=(239.60000000000014, 486.1999999999971) | status=POSSIBLE EARLY BUY CONTROL SHIFT
22:34:04 / 30.09.26 -5 | peak=(239.60000000000014, 486.1999999999971) | status=EARLY BUY CONTROL
22:35:01 / 30.09.26 -5 | peak=(239.60000000000014, 486.1999999999971) | status=POSSIBLE EARLY BUY CONTROL SHIFT
22:36:01 / 30.09.26 -5 | peak=(239.60000000000014, 486.1999999999971) | status=EARLY BUY CONTROL
22:37:00 / 30.09.26 -5 | peak=(239.60000000000014, 486.1999999999971) | status=POSSIBLE EARLY BUY CONTROL SHIFT
22:38:00 / 30.09.26 -5 | СМЕНА НАКОПИТЕЛЬНОГО ДОМИНАНТА: SELL -> BUY
22:38:00 / 30.09.26 -5 | peak=(239.60000000000014, 486.1999999999971) | status=BUY PRESSURE HELD
22:40:03 / 30.09.26 -5 | СИЛЬНОЕ OI-СОБЫТИЕ | подтверждено 22:39
22:41:01 / 30.09.26 -5 | peak=(239.60000000000014, 486.1999999999971) | status=POSSIBLE EARLY SELL CONTROL SHIFT
22:42:03 / 30.09.26 -5 | peak=(239.60000000000014, 486.1999999999971) | status=BUY PRESSURE HELD
22:45:01 / 30.09.26 -5 | peak=(239.60000000000014, 486.1999999999971) | status=POSSIBLE EARLY SELL CONTROL SHIFT
22:46:01 / 30.09.26 -5 | peak=(239.60000000000014, 486.1999999999971) | status=EARLY SELL CONTROL
22:47:00 / 30.09.26 -5 | peak=(239.60000000000014, 486.1999999999971) | status=BUY PRESSURE HELD
22:48:03 / 30.09.26 -5 | peak=(239.60000000000014, 486.1999999999971) | status=POSSIBLE EARLY SELL CONTROL SHIFT
22:49:04 / 30.09.26 -5 | peak=(239.60000000000014, 486.1999999999971) | status=EARLY SELL CONTROL
22:50:02 / 30.09.26 -5 | peak=(239.60000000000014, 486.1999999999971) | status=BUY PRESSURE HELD
22:52:00 / 30.09.26 -5 | peak=(239.60000000000014, 486.1999999999971) | status=POSSIBLE EARLY SELL CONTROL SHIFT
22:53:01 / 30.09.26 -5 | peak=(239.60000000000014, 486.1999999999971) | status=BUY PRESSURE HELD
22:54:00 / 30.09.26 -5 | peak=(239.60000000000014, 486.1999999999971) | status=POSSIBLE EARLY SELL CONTROL SHIFT
22:55:02 / 30.09.26 -5 | peak=(239.60000000000014, 486.1999999999971) | status=BUY PRESSURE HELD
22:56:03 / 30.09.26 -5 | peak=(239.60000000000014, 486.1999999999971) | status=POSSIBLE EARLY SELL CONTROL SHIFT
22:57:04 / 30.09.26 -5 | peak=(239.60000000000014, 486.1999999999971) | status=BUY PRESSURE HELD
22:59:01 / 30.09.26 -5 | peak=(239.60000000000014, 486.1999999999971) | status=POSSIBLE EARLY SELL CONTROL SHIFT
23:00:04 / 30.09.26 -5 | peak=(239.60000000000014, 486.1999999999971) | status=EARLY SELL CONTROL
23:01:01 / 30.09.26 -5 | peak=(239.60000000000014, 486.1999999999971) | status=BUY PRESSURE HELD
23:02:03 / 30.09.26 -5 | peak=(239.60000000000014, 486.1999999999971) | status=POSSIBLE EARLY SELL CONTROL SHIFT
23:03:00 / 30.09.26 -5 | peak=(239.60000000000014, 486.1999999999971) | status=EARLY SELL CONTROL
23:04:03 / 30.09.26 -5 | peak=(239.60000000000014, 486.1999999999971) | status=BUY PRESSURE HELD
23:08:01 / 30.09.26 -5 | peak=(239.60000000000014, 486.1999999999971) | status=POSSIBLE EARLY SELL CONTROL SHIFT
23:09:02 / 30.09.26 -5 | peak=(239.60000000000014, 486.1999999999971) | status=EARLY SELL CONTROL
23:10:04 / 30.09.26 -5 | peak=(239.60000000000014, 486.1999999999971) | status=BUY RESULT EFFICIENCY FALLING
FINAL | 23:10:00 / 30.09.26 -5 | buy=12396.9 | sell=12057.6 | oi_net=754.4670000000042 | events=2 | crosses=5
